// Jest Snapshot v1, https://jestjs.io/docs/snapshot-testing

exports[`View Field Resolver - Failing Create Many Operations should accumulate multiple validation errors when some inputs are invalid 1`] = `
{
  "extensions": {
    "code": "NOT_FOUND",
    "subCode": "RELATION_UNIVERSAL_IDENTIFIER_NOT_FOUND",
    "userFriendlyMessage": "An error occurred.",
  },
  "message": "Could not find fieldMetadata for given fieldMetadataId",
  "name": "NotFoundError",
}
`;
