// Jest Snapshot v1, https://goo.gl/fbAQLP

exports[`Companies Filter should render the filter employees 1`] = `
Object {
  "employees": Object {
    "gte": 2,
  },
}
`;

exports[`Companies Filter should render the filter name 1`] = `
Object {
  "name": Object {
    "contains": "%name%",
    "mode": "insensitive",
  },
}
`;
