// Jest Snapshot v1, https://jestjs.io/docs/snapshot-testing

exports[`View Sort destroy should fail when viewSortId does not exist 1`] = `
{
  "extensions": {
    "code": "NOT_FOUND",
    "userFriendlyMessage": "An error occurred.",
  },
  "message": "View sort not found",
  "name": "NotFoundError",
}
`;
