// Jest Snapshot v1, https://goo.gl/fbAQLP

exports[`PeopleFilter should render the filter city which is text search 1`] = `
Object {
  "city": Object {
    "_ilike": "%Paris%",
  },
}
`;

exports[`PeopleFilter should render the filter company_name which relation search 1`] = `
Object {
  "company": Object {
    "name": Object {
      "_eq": "test-name",
    },
  },
}
`;
